// Jest Snapshot v1, https://goo.gl/fbAQLP

exports[`test markdown parse test code with lineNumber: parseCodeLineNumber 1`] = `
"
      <div class=\\"hljs javascript\\">
        <table>
          <tbody>
            <tr>
              <td class=\\"line\\">
                <pre><span>1</span>
<span>2</span>
<span>3</span>
</pre>
              </td>
              <td class=\\"code\\"><pre>const <span class=\\"hljs-selector-tag\\">a</span> = <span class=\\"hljs-number\\">1</span>
const <span class=\\"hljs-selector-tag\\">b</span> = <span class=\\"hljs-number\\">1</span>
const c = <span class=\\"hljs-selector-tag\\">a</span> + b</pre></td>
            </tr>
          </tbody>
        </table>
      </div>
    "
`;

exports[`test markdown parse test code with uknow lang: parseCodeUnknowLang 1`] = `
"
      <div class=\\"hljs code\\">
        <pre>const a &#x3D; 1
const b &#x3D; 1
const c &#x3D; a + b</pre>
      </div>
    "
`;

exports[`test markdown parse test heading parse: parseMd 1`] = `
"
    <h1 class=\\"heading\\">
      <a href=\\"#marked-in-the-browsernnrendered-by-marked\\" id=\\"marked-in-the-browsernnrendered-by-marked\\" class=\\"heading-anchor\\"></a>Marked in the browser\\\\n\\\\nRendered by <strong>marked</strong>.
    </h1>
  
    <h2 class=\\"heading\\">
      <a href=\\"#section-one\\" id=\\"section-one\\" class=\\"heading-anchor\\"></a>Section One
    </h2>
  
    <h2 class=\\"heading\\">
      <a href=\\"#hello\\" id=\\"hello\\" class=\\"heading-anchor\\"></a><a href=\\"hello\\">hello</a>
    </h2>
  
    <h3 class=\\"heading\\">
      <a href=\\"#test\\" id=\\"test\\" class=\\"heading-anchor\\"></a><code>test</code>
    </h3>
  
    <h2 class=\\"heading\\">
      <a href=\\"#%E5%95%8A%E5%95%8A%E5%95%8A\\" id=\\"%E5%95%8A%E5%95%8A%E5%95%8A\\" class=\\"heading-anchor\\"></a>啊啊啊
    </h2>
  "
`;

exports[`test markdown parse test parse code: parseCode 1`] = `
"
      <div class=\\"hljs javascript code\\">
        <pre>const <span class=\\"hljs-selector-tag\\">a</span> = <span class=\\"hljs-number\\">1</span>
const <span class=\\"hljs-selector-tag\\">b</span> = <span class=\\"hljs-number\\">1</span>
const c = <span class=\\"hljs-selector-tag\\">a</span> + b</pre>
      </div>
    "
`;
